{
  "format": 1,
  "layer": "syntax-and-local-links-only",
  "checks": [
    {
      "path": "assurance/ci/check-contract.sh",
      "kind": "shell-syntax",
      "result": "pass",
      "detail": ""
    },
    {
      "path": "assurance/ci/control-io-test.sh",
      "kind": "shell-syntax",
      "result": "pass",
      "detail": ""
    },
    {
      "path": "assurance/ci/cross-repository.sh",
      "kind": "shell-syntax",
      "result": "pass",
      "detail": ""
    },
    {
      "path": "assurance/ci/engineering.py",
      "kind": "python-syntax",
      "result": "pass",
      "detail": ""
    },
    {
      "path": "assurance/ci/recovery-storage-test.sh",
      "kind": "shell-syntax",
      "result": "pass",
      "detail": ""
    },
    {
      "path": "assurance/ci/refresh-contract.py",
      "kind": "python-syntax",
      "result": "pass",
      "detail": ""
    },
    {
      "path": "assurance/ci/regenerate-public-fixtures.py",
      "kind": "python-syntax",
      "result": "pass",
      "detail": ""
    },
    {
      "path": "assurance/ci/run-engineering-checks.py",
      "kind": "python-syntax",
      "result": "pass",
      "detail": ""
    },
    {
      "path": "assurance/ci/verify.sh",
      "kind": "shell-syntax",
      "result": "pass",
      "detail": ""
    },
    {
      "path": "assurance/tests/engineering/test_engineering.py",
      "kind": "python-syntax",
      "result": "pass",
      "detail": ""
    },
    {
      "path": "assurance/tests/engineering/test_replay_model.py",
      "kind": "python-syntax",
      "result": "pass",
      "detail": ""
    },
    {
      "path": "pkgcore/ci/check-contract.sh",
      "kind": "shell-syntax",
      "result": "pass",
      "detail": ""
    },
    {
      "path": "pkgcore/ci/file-engine-test.sh",
      "kind": "shell-syntax",
      "result": "pass",
      "detail": ""
    },
    {
      "path": "pkgcore/ci/journal-test.sh",
      "kind": "shell-syntax",
      "result": "pass",
      "detail": ""
    },
    {
      "path": "pkgcore/ci/verify.sh",
      "kind": "shell-syntax",
      "result": "pass",
      "detail": ""
    },
    {
      "path": "statecore/ci/check-contract.sh",
      "kind": "shell-syntax",
      "result": "pass",
      "detail": ""
    },
    {
      "path": "statecore/ci/healing-io-test.sh",
      "kind": "shell-syntax",
      "result": "pass",
      "detail": ""
    },
    {
      "path": "statecore/ci/verify.sh",
      "kind": "shell-syntax",
      "result": "pass",
      "detail": ""
    },
    {
      "path": "assurance/docs/engineering/README.ja.md",
      "kind": "local-document-link",
      "target": "specs/architecture.ja.md",
      "result": "pass"
    },
    {
      "path": "assurance/docs/engineering/README.ja.md",
      "kind": "local-document-link",
      "target": "specs/failure-model.ja.md",
      "result": "pass"
    },
    {
      "path": "assurance/docs/engineering/README.ja.md",
      "kind": "local-document-link",
      "target": "specs/recovery-protocol.ja.md",
      "result": "pass"
    },
    {
      "path": "assurance/docs/engineering/README.ja.md",
      "kind": "local-document-link",
      "target": "specs/acid-contract.ja.md",
      "result": "pass"
    },
    {
      "path": "assurance/docs/engineering/README.ja.md",
      "kind": "local-document-link",
      "target": "specs/storage-formats.ja.md",
      "result": "pass"
    },
    {
      "path": "assurance/docs/engineering/README.ja.md",
      "kind": "local-document-link",
      "target": "specs/connector-contracts.ja.md",
      "result": "pass"
    },
    {
      "path": "assurance/docs/engineering/README.ja.md",
      "kind": "local-document-link",
      "target": "specs/security.ja.md",
      "result": "pass"
    },
    {
      "path": "assurance/docs/engineering/README.ja.md",
      "kind": "local-document-link",
      "target": "specs/verification.ja.md",
      "result": "pass"
    },
    {
      "path": "assurance/docs/engineering/README.ja.md",
      "kind": "local-document-link",
      "target": "specs/proof-plan.ja.md",
      "result": "pass"
    },
    {
      "path": "assurance/docs/engineering/README.ja.md",
      "kind": "local-document-link",
      "target": "specs/development.ja.md",
      "result": "pass"
    },
    {
      "path": "assurance/docs/engineering/README.ja.md",
      "kind": "local-document-link",
      "target": "specs/release-migration.ja.md",
      "result": "pass"
    },
    {
      "path": "assurance/docs/engineering/README.ja.md",
      "kind": "local-document-link",
      "target": "specs/continuation.ja.md",
      "result": "pass"
    },
    {
      "path": "assurance/docs/engineering/README.ja.md",
      "kind": "local-document-link",
      "target": "adr/README.ja.md",
      "result": "pass"
    },
    {
      "path": "assurance/docs/engineering/README.ja.md",
      "kind": "local-document-link",
      "target": "runbooks/README.ja.md",
      "result": "pass"
    },
    {
      "path": "assurance/docs/engineering/README.ja.md",
      "kind": "local-document-link",
      "target": "api-index.ja.md",
      "result": "pass"
    },
    {
      "path": "assurance/docs/engineering/adr/ADR-0001.ja.md",
      "kind": "local-document-link",
      "target": "../specs/recovery-protocol.ja.md",
      "result": "pass"
    },
    {
      "path": "assurance/docs/engineering/adr/ADR-0001.ja.md",
      "kind": "local-document-link",
      "target": "../specs/acid-contract.ja.md",
      "result": "pass"
    },
    {
      "path": "assurance/docs/engineering/adr/ADR-0001.ja.md",
      "kind": "local-document-link",
      "target": "../specs/verification.ja.md",
      "result": "pass"
    },
    {
      "path": "assurance/docs/engineering/adr/ADR-0002.ja.md",
      "kind": "local-document-link",
      "target": "../specs/recovery-protocol.ja.md",
      "result": "pass"
    },
    {
      "path": "assurance/docs/engineering/adr/ADR-0002.ja.md",
      "kind": "local-document-link",
      "target": "../specs/acid-contract.ja.md",
      "result": "pass"
    },
    {
      "path": "assurance/docs/engineering/adr/ADR-0002.ja.md",
      "kind": "local-document-link",
      "target": "../specs/verification.ja.md",
      "result": "pass"
    },
    {
      "path": "assurance/docs/engineering/adr/ADR-0003.ja.md",
      "kind": "local-document-link",
      "target": "../specs/recovery-protocol.ja.md",
      "result": "pass"
    },
    {
      "path": "assurance/docs/engineering/adr/ADR-0003.ja.md",
      "kind": "local-document-link",
      "target": "../specs/acid-contract.ja.md",
      "result": "pass"
    },
    {
      "path": "assurance/docs/engineering/adr/ADR-0003.ja.md",
      "kind": "local-document-link",
      "target": "../specs/verification.ja.md",
      "result": "pass"
    },
    {
      "path": "assurance/docs/engineering/adr/ADR-0004.ja.md",
      "kind": "local-document-link",
      "target": "../specs/recovery-protocol.ja.md",
      "result": "pass"
    },
    {
      "path": "assurance/docs/engineering/adr/ADR-0004.ja.md",
      "kind": "local-document-link",
      "target": "../specs/acid-contract.ja.md",
      "result": "pass"
    },
    {
      "path": "assurance/docs/engineering/adr/ADR-0004.ja.md",
      "kind": "local-document-link",
      "target": "../specs/verification.ja.md",
      "result": "pass"
    },
    {
      "path": "assurance/docs/engineering/adr/ADR-0005.ja.md",
      "kind": "local-document-link",
      "target": "../specs/recovery-protocol.ja.md",
      "result": "pass"
    },
    {
      "path": "assurance/docs/engineering/adr/ADR-0005.ja.md",
      "kind": "local-document-link",
      "target": "../specs/acid-contract.ja.md",
      "result": "pass"
    },
    {
      "path": "assurance/docs/engineering/adr/ADR-0005.ja.md",
      "kind": "local-document-link",
      "target": "../specs/verification.ja.md",
      "result": "pass"
    },
    {
      "path": "assurance/docs/engineering/adr/ADR-0006.ja.md",
      "kind": "local-document-link",
      "target": "../specs/recovery-protocol.ja.md",
      "result": "pass"
    },
    {
      "path": "assurance/docs/engineering/adr/ADR-0006.ja.md",
      "kind": "local-document-link",
      "target": "../specs/acid-contract.ja.md",
      "result": "pass"
    },
    {
      "path": "assurance/docs/engineering/adr/ADR-0006.ja.md",
      "kind": "local-document-link",
      "target": "../specs/verification.ja.md",
      "result": "pass"
    },
    {
      "path": "assurance/docs/engineering/adr/ADR-0007.ja.md",
      "kind": "local-document-link",
      "target": "../specs/recovery-protocol.ja.md",
      "result": "pass"
    },
    {
      "path": "assurance/docs/engineering/adr/ADR-0007.ja.md",
      "kind": "local-document-link",
      "target": "../specs/acid-contract.ja.md",
      "result": "pass"
    },
    {
      "path": "assurance/docs/engineering/adr/ADR-0007.ja.md",
      "kind": "local-document-link",
      "target": "../specs/verification.ja.md",
      "result": "pass"
    },
    {
      "path": "assurance/docs/engineering/adr/ADR-0008.ja.md",
      "kind": "local-document-link",
      "target": "../specs/recovery-protocol.ja.md",
      "result": "pass"
    },
    {
      "path": "assurance/docs/engineering/adr/ADR-0008.ja.md",
      "kind": "local-document-link",
      "target": "../specs/acid-contract.ja.md",
      "result": "pass"
    },
    {
      "path": "assurance/docs/engineering/adr/ADR-0008.ja.md",
      "kind": "local-document-link",
      "target": "../specs/verification.ja.md",
      "result": "pass"
    },
    {
      "path": "assurance/docs/engineering/adr/ADR-0009.ja.md",
      "kind": "local-document-link",
      "target": "../specs/recovery-protocol.ja.md",
      "result": "pass"
    },
    {
      "path": "assurance/docs/engineering/adr/ADR-0009.ja.md",
      "kind": "local-document-link",
      "target": "../specs/acid-contract.ja.md",
      "result": "pass"
    },
    {
      "path": "assurance/docs/engineering/adr/ADR-0009.ja.md",
      "kind": "local-document-link",
      "target": "../specs/verification.ja.md",
      "result": "pass"
    },
    {
      "path": "assurance/docs/engineering/adr/ADR-0010.ja.md",
      "kind": "local-document-link",
      "target": "../specs/recovery-protocol.ja.md",
      "result": "pass"
    },
    {
      "path": "assurance/docs/engineering/adr/ADR-0010.ja.md",
      "kind": "local-document-link",
      "target": "../specs/acid-contract.ja.md",
      "result": "pass"
    },
    {
      "path": "assurance/docs/engineering/adr/ADR-0010.ja.md",
      "kind": "local-document-link",
      "target": "../specs/verification.ja.md",
      "result": "pass"
    },
    {
      "path": "assurance/docs/engineering/adr/ADR-0011.ja.md",
      "kind": "local-document-link",
      "target": "../specs/recovery-protocol.ja.md",
      "result": "pass"
    },
    {
      "path": "assurance/docs/engineering/adr/ADR-0011.ja.md",
      "kind": "local-document-link",
      "target": "../specs/acid-contract.ja.md",
      "result": "pass"
    },
    {
      "path": "assurance/docs/engineering/adr/ADR-0011.ja.md",
      "kind": "local-document-link",
      "target": "../specs/verification.ja.md",
      "result": "pass"
    },
    {
      "path": "assurance/docs/engineering/adr/ADR-0012.ja.md",
      "kind": "local-document-link",
      "target": "../specs/recovery-protocol.ja.md",
      "result": "pass"
    },
    {
      "path": "assurance/docs/engineering/adr/ADR-0012.ja.md",
      "kind": "local-document-link",
      "target": "../specs/acid-contract.ja.md",
      "result": "pass"
    },
    {
      "path": "assurance/docs/engineering/adr/ADR-0012.ja.md",
      "kind": "local-document-link",
      "target": "../specs/verification.ja.md",
      "result": "pass"
    },
    {
      "path": "assurance/docs/engineering/adr/ADR-0013.ja.md",
      "kind": "local-document-link",
      "target": "../specs/recovery-protocol.ja.md",
      "result": "pass"
    },
    {
      "path": "assurance/docs/engineering/adr/ADR-0013.ja.md",
      "kind": "local-document-link",
      "target": "../specs/acid-contract.ja.md",
      "result": "pass"
    },
    {
      "path": "assurance/docs/engineering/adr/ADR-0013.ja.md",
      "kind": "local-document-link",
      "target": "../specs/verification.ja.md",
      "result": "pass"
    },
    {
      "path": "assurance/docs/engineering/adr/ADR-0014.ja.md",
      "kind": "local-document-link",
      "target": "../specs/recovery-protocol.ja.md",
      "result": "pass"
    },
    {
      "path": "assurance/docs/engineering/adr/ADR-0014.ja.md",
      "kind": "local-document-link",
      "target": "../specs/acid-contract.ja.md",
      "result": "pass"
    },
    {
      "path": "assurance/docs/engineering/adr/ADR-0014.ja.md",
      "kind": "local-document-link",
      "target": "../specs/verification.ja.md",
      "result": "pass"
    },
    {
      "path": "assurance/docs/engineering/adr/ADR-0015.ja.md",
      "kind": "local-document-link",
      "target": "../specs/recovery-protocol.ja.md",
      "result": "pass"
    },
    {
      "path": "assurance/docs/engineering/adr/ADR-0015.ja.md",
      "kind": "local-document-link",
      "target": "../specs/acid-contract.ja.md",
      "result": "pass"
    },
    {
      "path": "assurance/docs/engineering/adr/ADR-0015.ja.md",
      "kind": "local-document-link",
      "target": "../specs/verification.ja.md",
      "result": "pass"
    },
    {
      "path": "assurance/docs/engineering/adr/ADR-0016.ja.md",
      "kind": "local-document-link",
      "target": "../specs/recovery-protocol.ja.md",
      "result": "pass"
    },
    {
      "path": "assurance/docs/engineering/adr/ADR-0016.ja.md",
      "kind": "local-document-link",
      "target": "../specs/acid-contract.ja.md",
      "result": "pass"
    },
    {
      "path": "assurance/docs/engineering/adr/ADR-0016.ja.md",
      "kind": "local-document-link",
      "target": "../specs/verification.ja.md",
      "result": "pass"
    },
    {
      "path": "assurance/docs/engineering/adr/ADR-0017.ja.md",
      "kind": "local-document-link",
      "target": "../specs/recovery-protocol.ja.md",
      "result": "pass"
    },
    {
      "path": "assurance/docs/engineering/adr/ADR-0017.ja.md",
      "kind": "local-document-link",
      "target": "../specs/acid-contract.ja.md",
      "result": "pass"
    },
    {
      "path": "assurance/docs/engineering/adr/ADR-0017.ja.md",
      "kind": "local-document-link",
      "target": "../specs/verification.ja.md",
      "result": "pass"
    },
    {
      "path": "assurance/docs/engineering/adr/ADR-0018.ja.md",
      "kind": "local-document-link",
      "target": "../specs/recovery-protocol.ja.md",
      "result": "pass"
    },
    {
      "path": "assurance/docs/engineering/adr/ADR-0018.ja.md",
      "kind": "local-document-link",
      "target": "../specs/acid-contract.ja.md",
      "result": "pass"
    },
    {
      "path": "assurance/docs/engineering/adr/ADR-0018.ja.md",
      "kind": "local-document-link",
      "target": "../specs/verification.ja.md",
      "result": "pass"
    },
    {
      "path": "assurance/docs/engineering/adr/ADR-0019.ja.md",
      "kind": "local-document-link",
      "target": "../specs/recovery-protocol.ja.md",
      "result": "pass"
    },
    {
      "path": "assurance/docs/engineering/adr/ADR-0019.ja.md",
      "kind": "local-document-link",
      "target": "../specs/acid-contract.ja.md",
      "result": "pass"
    },
    {
      "path": "assurance/docs/engineering/adr/ADR-0019.ja.md",
      "kind": "local-document-link",
      "target": "../specs/verification.ja.md",
      "result": "pass"
    },
    {
      "path": "assurance/docs/engineering/adr/ADR-0020.ja.md",
      "kind": "local-document-link",
      "target": "../specs/recovery-protocol.ja.md",
      "result": "pass"
    },
    {
      "path": "assurance/docs/engineering/adr/ADR-0020.ja.md",
      "kind": "local-document-link",
      "target": "../specs/acid-contract.ja.md",
      "result": "pass"
    },
    {
      "path": "assurance/docs/engineering/adr/ADR-0020.ja.md",
      "kind": "local-document-link",
      "target": "../specs/verification.ja.md",
      "result": "pass"
    },
    {
      "path": "assurance/docs/engineering/adr/README.ja.md",
      "kind": "local-document-link",
      "target": "ADR-0001.ja.md",
      "result": "pass"
    },
    {
      "path": "assurance/docs/engineering/adr/README.ja.md",
      "kind": "local-document-link",
      "target": "ADR-0002.ja.md",
      "result": "pass"
    },
    {
      "path": "assurance/docs/engineering/adr/README.ja.md",
      "kind": "local-document-link",
      "target": "ADR-0003.ja.md",
      "result": "pass"
    },
    {
      "path": "assurance/docs/engineering/adr/README.ja.md",
      "kind": "local-document-link",
      "target": "ADR-0004.ja.md",
      "result": "pass"
    },
    {
      "path": "assurance/docs/engineering/adr/README.ja.md",
      "kind": "local-document-link",
      "target": "ADR-0005.ja.md",
      "result": "pass"
    },
    {
      "path": "assurance/docs/engineering/adr/README.ja.md",
      "kind": "local-document-link",
      "target": "ADR-0006.ja.md",
      "result": "pass"
    },
    {
      "path": "assurance/docs/engineering/adr/README.ja.md",
      "kind": "local-document-link",
      "target": "ADR-0007.ja.md",
      "result": "pass"
    },
    {
      "path": "assurance/docs/engineering/adr/README.ja.md",
      "kind": "local-document-link",
      "target": "ADR-0008.ja.md",
      "result": "pass"
    },
    {
      "path": "assurance/docs/engineering/adr/README.ja.md",
      "kind": "local-document-link",
      "target": "ADR-0009.ja.md",
      "result": "pass"
    },
    {
      "path": "assurance/docs/engineering/adr/README.ja.md",
      "kind": "local-document-link",
      "target": "ADR-0010.ja.md",
      "result": "pass"
    },
    {
      "path": "assurance/docs/engineering/adr/README.ja.md",
      "kind": "local-document-link",
      "target": "ADR-0011.ja.md",
      "result": "pass"
    },
    {
      "path": "assurance/docs/engineering/adr/README.ja.md",
      "kind": "local-document-link",
      "target": "ADR-0012.ja.md",
      "result": "pass"
    },
    {
      "path": "assurance/docs/engineering/adr/README.ja.md",
      "kind": "local-document-link",
      "target": "ADR-0013.ja.md",
      "result": "pass"
    },
    {
      "path": "assurance/docs/engineering/adr/README.ja.md",
      "kind": "local-document-link",
      "target": "ADR-0014.ja.md",
      "result": "pass"
    },
    {
      "path": "assurance/docs/engineering/adr/README.ja.md",
      "kind": "local-document-link",
      "target": "ADR-0015.ja.md",
      "result": "pass"
    },
    {
      "path": "assurance/docs/engineering/adr/README.ja.md",
      "kind": "local-document-link",
      "target": "ADR-0016.ja.md",
      "result": "pass"
    },
    {
      "path": "assurance/docs/engineering/adr/README.ja.md",
      "kind": "local-document-link",
      "target": "ADR-0017.ja.md",
      "result": "pass"
    },
    {
      "path": "assurance/docs/engineering/adr/README.ja.md",
      "kind": "local-document-link",
      "target": "ADR-0018.ja.md",
      "result": "pass"
    },
    {
      "path": "assurance/docs/engineering/adr/README.ja.md",
      "kind": "local-document-link",
      "target": "ADR-0019.ja.md",
      "result": "pass"
    },
    {
      "path": "assurance/docs/engineering/adr/README.ja.md",
      "kind": "local-document-link",
      "target": "ADR-0020.ja.md",
      "result": "pass"
    },
    {
      "path": "assurance/docs/engineering/api-index.ja.md",
      "kind": "local-document-link",
      "target": "../../../assurance/app/assure.adb",
      "result": "pass"
    },
    {
      "path": "assurance/docs/engineering/api-index.ja.md",
      "kind": "local-document-link",
      "target": "../../../assurance/app/contract_lock.adb",
      "result": "pass"
    },
    {
      "path": "assurance/docs/engineering/api-index.ja.md",
      "kind": "local-document-link",
      "target": "../../../assurance/app/contract_lock.ads",
      "result": "pass"
    },
    {
      "path": "assurance/docs/engineering/api-index.ja.md",
      "kind": "local-document-link",
      "target": "../../../assurance/app/controlctl.adb",
      "result": "pass"
    },
    {
      "path": "assurance/docs/engineering/api-index.ja.md",
      "kind": "local-document-link",
      "target": "../../../assurance/runtime/mc_admin.adb",
      "result": "pass"
    },
    {
      "path": "assurance/docs/engineering/api-index.ja.md",
      "kind": "local-document-link",
      "target": "../../../assurance/runtime/mc_admin.ads",
      "result": "pass"
    },
    {
      "path": "assurance/docs/engineering/api-index.ja.md",
      "kind": "local-document-link",
      "target": "../../../assurance/runtime/mc_atomic.adb",
      "result": "pass"
    },
    {
      "path": "assurance/docs/engineering/api-index.ja.md",
      "kind": "local-document-link",
      "target": "../../../assurance/runtime/mc_atomic.ads",
      "result": "pass"
    },
    {
      "path": "assurance/docs/engineering/api-index.ja.md",
      "kind": "local-document-link",
      "target": "../../../assurance/runtime/mc_authentic.adb",
      "result": "pass"
    },
    {
      "path": "assurance/docs/engineering/api-index.ja.md",
      "kind": "local-document-link",
      "target": "../../../assurance/runtime/mc_authentic.ads",
      "result": "pass"
    },
    {
      "path": "assurance/docs/engineering/api-index.ja.md",
      "kind": "local-document-link",
      "target": "../../../assurance/runtime/mc_checkpoint_store.adb",
      "result": "pass"
    },
    {
      "path": "assurance/docs/engineering/api-index.ja.md",
      "kind": "local-document-link",
      "target": "../../../assurance/runtime/mc_checkpoint_store.ads",
      "result": "pass"
    },
    {
      "path": "assurance/docs/engineering/api-index.ja.md",
      "kind": "local-document-link",
      "target": "../../../assurance/runtime/mc_cli.adb",
      "result": "pass"
    },
    {
      "path": "assurance/docs/engineering/api-index.ja.md",
      "kind": "local-document-link",
      "target": "../../../assurance/runtime/mc_cli.ads",
      "result": "pass"
    },
    {
      "path": "assurance/docs/engineering/api-index.ja.md",
      "kind": "local-document-link",
      "target": "../../../assurance/runtime/mc_clock.adb",
      "result": "pass"
    },
    {
      "path": "assurance/docs/engineering/api-index.ja.md",
      "kind": "local-document-link",
      "target": "../../../assurance/runtime/mc_clock.ads",
      "result": "pass"
    },
    {
      "path": "assurance/docs/engineering/api-index.ja.md",
      "kind": "local-document-link",
      "target": "../../../assurance/runtime/mc_command.adb",
      "result": "pass"
    },
    {
      "path": "assurance/docs/engineering/api-index.ja.md",
      "kind": "local-document-link",
      "target": "../../../assurance/runtime/mc_command.ads",
      "result": "pass"
    },
    {
      "path": "assurance/docs/engineering/api-index.ja.md",
      "kind": "local-document-link",
      "target": "../../../assurance/runtime/mc_control_io.adb",
      "result": "pass"
    },
    {
      "path": "assurance/docs/engineering/api-index.ja.md",
      "kind": "local-document-link",
      "target": "../../../assurance/runtime/mc_control_io.ads",
      "result": "pass"
    },
    {
      "path": "assurance/docs/engineering/api-index.ja.md",
      "kind": "local-document-link",
      "target": "../../../assurance/runtime/mc_durable.adb",
      "result": "pass"
    },
    {
      "path": "assurance/docs/engineering/api-index.ja.md",
      "kind": "local-document-link",
      "target": "../../../assurance/runtime/mc_durable.ads",
      "result": "pass"
    },
    {
      "path": "assurance/docs/engineering/api-index.ja.md",
      "kind": "local-document-link",
      "target": "../../../assurance/runtime/mc_file_io.adb",
      "result": "pass"
    },
    {
      "path": "assurance/docs/engineering/api-index.ja.md",
      "kind": "local-document-link",
      "target": "../../../assurance/runtime/mc_file_io.ads",
      "result": "pass"
    },
    {
      "path": "assurance/docs/engineering/api-index.ja.md",
      "kind": "local-document-link",
      "target": "../../../assurance/runtime/mc_fs.adb",
      "result": "pass"
    },
    {
      "path": "assurance/docs/engineering/api-index.ja.md",
      "kind": "local-document-link",
      "target": "../../../assurance/runtime/mc_fs.ads",
      "result": "pass"
    },
    {
      "path": "assurance/docs/engineering/api-index.ja.md",
      "kind": "local-document-link",
      "target": "../../../assurance/runtime/mc_gate.adb",
      "result": "pass"
    },
    {
      "path": "assurance/docs/engineering/api-index.ja.md",
      "kind": "local-document-link",
      "target": "../../../assurance/runtime/mc_gate.ads",
      "result": "pass"
    },
    {
      "path": "assurance/docs/engineering/api-index.ja.md",
      "kind": "local-document-link",
      "target": "../../../assurance/runtime/mc_https.adb",
      "result": "pass"
    },
    {
      "path": "assurance/docs/engineering/api-index.ja.md",
      "kind": "local-document-link",
      "target": "../../../assurance/runtime/mc_https.ads",
      "result": "pass"
    },
    {
      "path": "assurance/docs/engineering/api-index.ja.md",
      "kind": "local-document-link",
      "target": "../../../assurance/runtime/mc_ingress.adb",
      "result": "pass"
    },
    {
      "path": "assurance/docs/engineering/api-index.ja.md",
      "kind": "local-document-link",
      "target": "../../../assurance/runtime/mc_ingress.ads",
      "result": "pass"
    },
    {
      "path": "assurance/docs/engineering/api-index.ja.md",
      "kind": "local-document-link",
      "target": "../../../assurance/runtime/mc_kernel_read.adb",
      "result": "pass"
    },
    {
      "path": "assurance/docs/engineering/api-index.ja.md",
      "kind": "local-document-link",
      "target": "../../../assurance/runtime/mc_kernel_read.ads",
      "result": "pass"
    },
    {
      "path": "assurance/docs/engineering/api-index.ja.md",
      "kind": "local-document-link",
      "target": "../../../assurance/runtime/mc_keys.adb",
      "result": "pass"
    },
    {
      "path": "assurance/docs/engineering/api-index.ja.md",
      "kind": "local-document-link",
      "target": "../../../assurance/runtime/mc_keys.ads",
      "result": "pass"
    },
    {
      "path": "assurance/docs/engineering/api-index.ja.md",
      "kind": "local-document-link",
      "target": "../../../assurance/runtime/mc_layout.adb",
      "result": "pass"
    },
    {
      "path": "assurance/docs/engineering/api-index.ja.md",
      "kind": "local-document-link",
      "target": "../../../assurance/runtime/mc_layout.ads",
      "result": "pass"
    },
    {
      "path": "assurance/docs/engineering/api-index.ja.md",
      "kind": "local-document-link",
      "target": "../../../assurance/runtime/mc_log.adb",
      "result": "pass"
    },
    {
      "path": "assurance/docs/engineering/api-index.ja.md",
      "kind": "local-document-link",
      "target": "../../../assurance/runtime/mc_log.ads",
      "result": "pass"
    },
    {
      "path": "assurance/docs/engineering/api-index.ja.md",
      "kind": "local-document-link",
      "target": "../../../assurance/runtime/mc_posix.ads",
      "result": "pass"
    },
    {
      "path": "assurance/docs/engineering/api-index.ja.md",
      "kind": "local-document-link",
      "target": "../../../assurance/runtime/mc_qualification_auth.adb",
      "result": "pass"
    },
    {
      "path": "assurance/docs/engineering/api-index.ja.md",
      "kind": "local-document-link",
      "target": "../../../assurance/runtime/mc_qualification_auth.ads",
      "result": "pass"
    },
    {
      "path": "assurance/docs/engineering/api-index.ja.md",
      "kind": "local-document-link",
      "target": "../../../assurance/runtime/mc_request_files.adb",
      "result": "pass"
    },
    {
      "path": "assurance/docs/engineering/api-index.ja.md",
      "kind": "local-document-link",
      "target": "../../../assurance/runtime/mc_request_files.ads",
      "result": "pass"
    },
    {
      "path": "assurance/docs/engineering/api-index.ja.md",
      "kind": "local-document-link",
      "target": "../../../assurance/runtime/mc_runtime.adb",
      "result": "pass"
    },
    {
      "path": "assurance/docs/engineering/api-index.ja.md",
      "kind": "local-document-link",
      "target": "../../../assurance/runtime/mc_runtime.ads",
      "result": "pass"
    },
    {
      "path": "assurance/docs/engineering/api-index.ja.md",
      "kind": "local-document-link",
      "target": "../../../assurance/runtime/mc_signatures.adb",
      "result": "pass"
    },
    {
      "path": "assurance/docs/engineering/api-index.ja.md",
      "kind": "local-document-link",
      "target": "../../../assurance/runtime/mc_signatures.ads",
      "result": "pass"
    },
    {
      "path": "assurance/docs/engineering/api-index.ja.md",
      "kind": "local-document-link",
      "target": "../../../assurance/runtime/mc_site_policy.adb",
      "result": "pass"
    },
    {
      "path": "assurance/docs/engineering/api-index.ja.md",
      "kind": "local-document-link",
      "target": "../../../assurance/runtime/mc_site_policy.ads",
      "result": "pass"
    },
    {
      "path": "assurance/docs/engineering/api-index.ja.md",
      "kind": "local-document-link",
      "target": "../../../assurance/runtime/mc_stop_barrier_auth.adb",
      "result": "pass"
    },
    {
      "path": "assurance/docs/engineering/api-index.ja.md",
      "kind": "local-document-link",
      "target": "../../../assurance/runtime/mc_stop_barrier_auth.ads",
      "result": "pass"
    },
    {
      "path": "assurance/docs/engineering/api-index.ja.md",
      "kind": "local-document-link",
      "target": "../../../assurance/runtime/mc_store.adb",
      "result": "pass"
    },
    {
      "path": "assurance/docs/engineering/api-index.ja.md",
      "kind": "local-document-link",
      "target": "../../../assurance/runtime/mc_store.ads",
      "result": "pass"
    },
    {
      "path": "assurance/docs/engineering/api-index.ja.md",
      "kind": "local-document-link",
      "target": "../../../assurance/runtime/mc_tools.adb",
      "result": "pass"
    },
    {
      "path": "assurance/docs/engineering/api-index.ja.md",
      "kind": "local-document-link",
      "target": "../../../assurance/runtime/mc_tools.ads",
      "result": "pass"
    },
    {
      "path": "assurance/docs/engineering/api-index.ja.md",
      "kind": "local-document-link",
      "target": "../../../assurance/runtime/mc_xml.adb",
      "result": "pass"
    },
    {
      "path": "assurance/docs/engineering/api-index.ja.md",
      "kind": "local-document-link",
      "target": "../../../assurance/runtime/mc_xml.ads",
      "result": "pass"
    },
    {
      "path": "assurance/docs/engineering/api-index.ja.md",
      "kind": "local-document-link",
      "target": "../../../assurance/src/mc_authorization.adb",
      "result": "pass"
    },
    {
      "path": "assurance/docs/engineering/api-index.ja.md",
      "kind": "local-document-link",
      "target": "../../../assurance/src/mc_authorization.ads",
      "result": "pass"
    },
    {
      "path": "assurance/docs/engineering/api-index.ja.md",
      "kind": "local-document-link",
      "target": "../../../assurance/src/mc_backups.adb",
      "result": "pass"
    },
    {
      "path": "assurance/docs/engineering/api-index.ja.md",
      "kind": "local-document-link",
      "target": "../../../assurance/src/mc_backups.ads",
      "result": "pass"
    },
    {
      "path": "assurance/docs/engineering/api-index.ja.md",
      "kind": "local-document-link",
      "target": "../../../assurance/src/mc_base64.adb",
      "result": "pass"
    },
    {
      "path": "assurance/docs/engineering/api-index.ja.md",
      "kind": "local-document-link",
      "target": "../../../assurance/src/mc_base64.ads",
      "result": "pass"
    },
    {
      "path": "assurance/docs/engineering/api-index.ja.md",
      "kind": "local-document-link",
      "target": "../../../assurance/src/mc_checkpoint.adb",
      "result": "pass"
    },
    {
      "path": "assurance/docs/engineering/api-index.ja.md",
      "kind": "local-document-link",
      "target": "../../../assurance/src/mc_checkpoint.ads",
      "result": "pass"
    },
    {
      "path": "assurance/docs/engineering/api-index.ja.md",
      "kind": "local-document-link",
      "target": "../../../assurance/src/mc_codec.adb",
      "result": "pass"
    },
    {
      "path": "assurance/docs/engineering/api-index.ja.md",
      "kind": "local-document-link",
      "target": "../../../assurance/src/mc_codec.ads",
      "result": "pass"
    },
    {
      "path": "assurance/docs/engineering/api-index.ja.md",
      "kind": "local-document-link",
      "target": "../../../assurance/src/mc_compatibility.adb",
      "result": "pass"
    },
    {
      "path": "assurance/docs/engineering/api-index.ja.md",
      "kind": "local-document-link",
      "target": "../../../assurance/src/mc_compatibility.ads",
      "result": "pass"
    },
    {
      "path": "assurance/docs/engineering/api-index.ja.md",
      "kind": "local-document-link",
      "target": "../../../assurance/src/mc_contract_profile.ads",
      "result": "pass"
    },
    {
      "path": "assurance/docs/engineering/api-index.ja.md",
      "kind": "local-document-link",
      "target": "../../../assurance/src/mc_control.adb",
      "result": "pass"
    },
    {
      "path": "assurance/docs/engineering/api-index.ja.md",
      "kind": "local-document-link",
      "target": "../../../assurance/src/mc_control.ads",
      "result": "pass"
    },
    {
      "path": "assurance/docs/engineering/api-index.ja.md",
      "kind": "local-document-link",
      "target": "../../../assurance/src/mc_control_codec.adb",
      "result": "pass"
    },
    {
      "path": "assurance/docs/engineering/api-index.ja.md",
      "kind": "local-document-link",
      "target": "../../../assurance/src/mc_control_codec.ads",
      "result": "pass"
    },
    {
      "path": "assurance/docs/engineering/api-index.ja.md",
      "kind": "local-document-link",
      "target": "../../../assurance/src/mc_golden.adb",
      "result": "pass"
    },
    {
      "path": "assurance/docs/engineering/api-index.ja.md",
      "kind": "local-document-link",
      "target": "../../../assurance/src/mc_golden.ads",
      "result": "pass"
    },
    {
      "path": "assurance/docs/engineering/api-index.ja.md",
      "kind": "local-document-link",
      "target": "../../../assurance/src/mc_health_golden.adb",
      "result": "pass"
    },
    {
      "path": "assurance/docs/engineering/api-index.ja.md",
      "kind": "local-document-link",
      "target": "../../../assurance/src/mc_health_golden.ads",
      "result": "pass"
    },
    {
      "path": "assurance/docs/engineering/api-index.ja.md",
      "kind": "local-document-link",
      "target": "../../../assurance/src/mc_health_report.adb",
      "result": "pass"
    },
    {
      "path": "assurance/docs/engineering/api-index.ja.md",
      "kind": "local-document-link",
      "target": "../../../assurance/src/mc_health_report.ads",
      "result": "pass"
    },
    {
      "path": "assurance/docs/engineering/api-index.ja.md",
      "kind": "local-document-link",
      "target": "../../../assurance/src/mc_hex.adb",
      "result": "pass"
    },
    {
      "path": "assurance/docs/engineering/api-index.ja.md",
      "kind": "local-document-link",
      "target": "../../../assurance/src/mc_hex.ads",
      "result": "pass"
    },
    {
      "path": "assurance/docs/engineering/api-index.ja.md",
      "kind": "local-document-link",
      "target": "../../../assurance/src/mc_json.adb",
      "result": "pass"
    },
    {
      "path": "assurance/docs/engineering/api-index.ja.md",
      "kind": "local-document-link",
      "target": "../../../assurance/src/mc_json.ads",
      "result": "pass"
    },
    {
      "path": "assurance/docs/engineering/api-index.ja.md",
      "kind": "local-document-link",
      "target": "../../../assurance/src/mc_log_format.adb",
      "result": "pass"
    },
    {
      "path": "assurance/docs/engineering/api-index.ja.md",
      "kind": "local-document-link",
      "target": "../../../assurance/src/mc_log_format.ads",
      "result": "pass"
    },
    {
      "path": "assurance/docs/engineering/api-index.ja.md",
      "kind": "local-document-link",
      "target": "../../../assurance/src/mc_numbers.adb",
      "result": "pass"
    },
    {
      "path": "assurance/docs/engineering/api-index.ja.md",
      "kind": "local-document-link",
      "target": "../../../assurance/src/mc_numbers.ads",
      "result": "pass"
    },
    {
      "path": "assurance/docs/engineering/api-index.ja.md",
      "kind": "local-document-link",
      "target": "../../../assurance/src/mc_paths.adb",
      "result": "pass"
    },
    {
      "path": "assurance/docs/engineering/api-index.ja.md",
      "kind": "local-document-link",
      "target": "../../../assurance/src/mc_paths.ads",
      "result": "pass"
    },
    {
      "path": "assurance/docs/engineering/api-index.ja.md",
      "kind": "local-document-link",
      "target": "../../../assurance/src/mc_properties.adb",
      "result": "pass"
    },
    {
      "path": "assurance/docs/engineering/api-index.ja.md",
      "kind": "local-document-link",
      "target": "../../../assurance/src/mc_properties.ads",
      "result": "pass"
    },
    {
      "path": "assurance/docs/engineering/api-index.ja.md",
      "kind": "local-document-link",
      "target": "../../../assurance/src/mc_protocol.adb",
      "result": "pass"
    },
    {
      "path": "assurance/docs/engineering/api-index.ja.md",
      "kind": "local-document-link",
      "target": "../../../assurance/src/mc_protocol.ads",
      "result": "pass"
    },
    {
      "path": "assurance/docs/engineering/api-index.ja.md",
      "kind": "local-document-link",
      "target": "../../../assurance/src/mc_qualification.adb",
      "result": "pass"
    },
    {
      "path": "assurance/docs/engineering/api-index.ja.md",
      "kind": "local-document-link",
      "target": "../../../assurance/src/mc_qualification.ads",
      "result": "pass"
    },
    {
      "path": "assurance/docs/engineering/api-index.ja.md",
      "kind": "local-document-link",
      "target": "../../../assurance/src/mc_release.adb",
      "result": "pass"
    },
    {
      "path": "assurance/docs/engineering/api-index.ja.md",
      "kind": "local-document-link",
      "target": "../../../assurance/src/mc_release.ads",
      "result": "pass"
    },
    {
      "path": "assurance/docs/engineering/api-index.ja.md",
      "kind": "local-document-link",
      "target": "../../../assurance/src/mc_replay.adb",
      "result": "pass"
    },
    {
      "path": "assurance/docs/engineering/api-index.ja.md",
      "kind": "local-document-link",
      "target": "../../../assurance/src/mc_replay.ads",
      "result": "pass"
    },
    {
      "path": "assurance/docs/engineering/api-index.ja.md",
      "kind": "local-document-link",
      "target": "../../../assurance/src/mc_requests.adb",
      "result": "pass"
    },
    {
      "path": "assurance/docs/engineering/api-index.ja.md",
      "kind": "local-document-link",
      "target": "../../../assurance/src/mc_requests.ads",
      "result": "pass"
    },
    {
      "path": "assurance/docs/engineering/api-index.ja.md",
      "kind": "local-document-link",
      "target": "../../../assurance/src/mc_retry_budget.adb",
      "result": "pass"
    },
    {
      "path": "assurance/docs/engineering/api-index.ja.md",
      "kind": "local-document-link",
      "target": "../../../assurance/src/mc_retry_budget.ads",
      "result": "pass"
    },
    {
      "path": "assurance/docs/engineering/api-index.ja.md",
      "kind": "local-document-link",
      "target": "../../../assurance/src/mc_sha256.adb",
      "result": "pass"
    },
    {
      "path": "assurance/docs/engineering/api-index.ja.md",
      "kind": "local-document-link",
      "target": "../../../assurance/src/mc_sha256.ads",
      "result": "pass"
    },
    {
      "path": "assurance/docs/engineering/api-index.ja.md",
      "kind": "local-document-link",
      "target": "../../../assurance/src/mc_stop_barrier.adb",
      "result": "pass"
    },
    {
      "path": "assurance/docs/engineering/api-index.ja.md",
      "kind": "local-document-link",
      "target": "../../../assurance/src/mc_stop_barrier.ads",
      "result": "pass"
    },
    {
      "path": "assurance/docs/engineering/api-index.ja.md",
      "kind": "local-document-link",
      "target": "../../../assurance/src/mc_text.adb",
      "result": "pass"
    },
    {
      "path": "assurance/docs/engineering/api-index.ja.md",
      "kind": "local-document-link",
      "target": "../../../assurance/src/mc_text.ads",
      "result": "pass"
    },
    {
      "path": "assurance/docs/engineering/api-index.ja.md",
      "kind": "local-document-link",
      "target": "../../../assurance/src/mc_time_guard.adb",
      "result": "pass"
    },
    {
      "path": "assurance/docs/engineering/api-index.ja.md",
      "kind": "local-document-link",
      "target": "../../../assurance/src/mc_time_guard.ads",
      "result": "pass"
    },
    {
      "path": "assurance/docs/engineering/api-index.ja.md",
      "kind": "local-document-link",
      "target": "../../../assurance/src/mc_types.adb",
      "result": "pass"
    },
    {
      "path": "assurance/docs/engineering/api-index.ja.md",
      "kind": "local-document-link",
      "target": "../../../assurance/src/mc_types.ads",
      "result": "pass"
    },
    {
      "path": "assurance/docs/engineering/api-index.ja.md",
      "kind": "local-document-link",
      "target": "../../../assurance/src/mc_witness.adb",
      "result": "pass"
    },
    {
      "path": "assurance/docs/engineering/api-index.ja.md",
      "kind": "local-document-link",
      "target": "../../../assurance/src/mc_witness.ads",
      "result": "pass"
    },
    {
      "path": "assurance/docs/engineering/api-index.ja.md",
      "kind": "local-document-link",
      "target": "../../../pkgcore/app/pkg_recoveryctl.adb",
      "result": "pass"
    },
    {
      "path": "assurance/docs/engineering/api-index.ja.md",
      "kind": "local-document-link",
      "target": "../../../pkgcore/app/pkg_scrubctl.adb",
      "result": "pass"
    },
    {
      "path": "assurance/docs/engineering/api-index.ja.md",
      "kind": "local-document-link",
      "target": "../../../pkgcore/app/pkg_worker.adb",
      "result": "pass"
    },
    {
      "path": "assurance/docs/engineering/api-index.ja.md",
      "kind": "local-document-link",
      "target": "../../../pkgcore/app/pkgctl.adb",
      "result": "pass"
    },
    {
      "path": "assurance/docs/engineering/api-index.ja.md",
      "kind": "local-document-link",
      "target": "../../../pkgcore/runtime/pkg_admin.adb",
      "result": "pass"
    },
    {
      "path": "assurance/docs/engineering/api-index.ja.md",
      "kind": "local-document-link",
      "target": "../../../pkgcore/runtime/pkg_admin.ads",
      "result": "pass"
    },
    {
      "path": "assurance/docs/engineering/api-index.ja.md",
      "kind": "local-document-link",
      "target": "../../../pkgcore/runtime/pkg_archive.adb",
      "result": "pass"
    },
    {
      "path": "assurance/docs/engineering/api-index.ja.md",
      "kind": "local-document-link",
      "target": "../../../pkgcore/runtime/pkg_archive.ads",
      "result": "pass"
    },
    {
      "path": "assurance/docs/engineering/api-index.ja.md",
      "kind": "local-document-link",
      "target": "../../../pkgcore/runtime/pkg_file_engine.adb",
      "result": "pass"
    },
    {
      "path": "assurance/docs/engineering/api-index.ja.md",
      "kind": "local-document-link",
      "target": "../../../pkgcore/runtime/pkg_file_engine.ads",
      "result": "pass"
    },
    {
      "path": "assurance/docs/engineering/api-index.ja.md",
      "kind": "local-document-link",
      "target": "../../../pkgcore/runtime/pkg_image_inspector.adb",
      "result": "pass"
    },
    {
      "path": "assurance/docs/engineering/api-index.ja.md",
      "kind": "local-document-link",
      "target": "../../../pkgcore/runtime/pkg_image_inspector.ads",
      "result": "pass"
    },
    {
      "path": "assurance/docs/engineering/api-index.ja.md",
      "kind": "local-document-link",
      "target": "../../../pkgcore/runtime/pkg_journal_io.adb",
      "result": "pass"
    },
    {
      "path": "assurance/docs/engineering/api-index.ja.md",
      "kind": "local-document-link",
      "target": "../../../pkgcore/runtime/pkg_journal_io.ads",
      "result": "pass"
    },
    {
      "path": "assurance/docs/engineering/api-index.ja.md",
      "kind": "local-document-link",
      "target": "../../../pkgcore/runtime/pkg_plan_compiler.adb",
      "result": "pass"
    },
    {
      "path": "assurance/docs/engineering/api-index.ja.md",
      "kind": "local-document-link",
      "target": "../../../pkgcore/runtime/pkg_plan_compiler.ads",
      "result": "pass"
    },
    {
      "path": "assurance/docs/engineering/api-index.ja.md",
      "kind": "local-document-link",
      "target": "../../../pkgcore/runtime/pkg_quiescent_engine.adb",
      "result": "pass"
    },
    {
      "path": "assurance/docs/engineering/api-index.ja.md",
      "kind": "local-document-link",
      "target": "../../../pkgcore/runtime/pkg_quiescent_engine.ads",
      "result": "pass"
    },
    {
      "path": "assurance/docs/engineering/api-index.ja.md",
      "kind": "local-document-link",
      "target": "../../../pkgcore/runtime/pkg_recovery_audit.adb",
      "result": "pass"
    },
    {
      "path": "assurance/docs/engineering/api-index.ja.md",
      "kind": "local-document-link",
      "target": "../../../pkgcore/runtime/pkg_recovery_audit.ads",
      "result": "pass"
    },
    {
      "path": "assurance/docs/engineering/api-index.ja.md",
      "kind": "local-document-link",
      "target": "../../../pkgcore/runtime/pkg_rpm_auth.adb",
      "result": "pass"
    },
    {
      "path": "assurance/docs/engineering/api-index.ja.md",
      "kind": "local-document-link",
      "target": "../../../pkgcore/runtime/pkg_rpm_auth.ads",
      "result": "pass"
    },
    {
      "path": "assurance/docs/engineering/api-index.ja.md",
      "kind": "local-document-link",
      "target": "../../../pkgcore/runtime/pkg_rpm_file.adb",
      "result": "pass"
    },
    {
      "path": "assurance/docs/engineering/api-index.ja.md",
      "kind": "local-document-link",
      "target": "../../../pkgcore/runtime/pkg_rpm_file.ads",
      "result": "pass"
    },
    {
      "path": "assurance/docs/engineering/api-index.ja.md",
      "kind": "local-document-link",
      "target": "../../../pkgcore/runtime/pkg_scrubber.adb",
      "result": "pass"
    },
    {
      "path": "assurance/docs/engineering/api-index.ja.md",
      "kind": "local-document-link",
      "target": "../../../pkgcore/runtime/pkg_scrubber.ads",
      "result": "pass"
    },
    {
      "path": "assurance/docs/engineering/api-index.ja.md",
      "kind": "local-document-link",
      "target": "../../../pkgcore/runtime/pkg_source.adb",
      "result": "pass"
    },
    {
      "path": "assurance/docs/engineering/api-index.ja.md",
      "kind": "local-document-link",
      "target": "../../../pkgcore/runtime/pkg_source.ads",
      "result": "pass"
    },
    {
      "path": "assurance/docs/engineering/api-index.ja.md",
      "kind": "local-document-link",
      "target": "../../../pkgcore/src/pkg_admission.adb",
      "result": "pass"
    },
    {
      "path": "assurance/docs/engineering/api-index.ja.md",
      "kind": "local-document-link",
      "target": "../../../pkgcore/src/pkg_admission.ads",
      "result": "pass"
    },
    {
      "path": "assurance/docs/engineering/api-index.ja.md",
      "kind": "local-document-link",
      "target": "../../../pkgcore/src/pkg_artifact_grant.adb",
      "result": "pass"
    },
    {
      "path": "assurance/docs/engineering/api-index.ja.md",
      "kind": "local-document-link",
      "target": "../../../pkgcore/src/pkg_artifact_grant.ads",
      "result": "pass"
    },
    {
      "path": "assurance/docs/engineering/api-index.ja.md",
      "kind": "local-document-link",
      "target": "../../../pkgcore/src/pkg_dependency.adb",
      "result": "pass"
    },
    {
      "path": "assurance/docs/engineering/api-index.ja.md",
      "kind": "local-document-link",
      "target": "../../../pkgcore/src/pkg_dependency.ads",
      "result": "pass"
    },
    {
      "path": "assurance/docs/engineering/api-index.ja.md",
      "kind": "local-document-link",
      "target": "../../../pkgcore/src/pkg_evr.adb",
      "result": "pass"
    },
    {
      "path": "assurance/docs/engineering/api-index.ja.md",
      "kind": "local-document-link",
      "target": "../../../pkgcore/src/pkg_evr.ads",
      "result": "pass"
    },
    {
      "path": "assurance/docs/engineering/api-index.ja.md",
      "kind": "local-document-link",
      "target": "../../../pkgcore/src/pkg_file_plan.adb",
      "result": "pass"
    },
    {
      "path": "assurance/docs/engineering/api-index.ja.md",
      "kind": "local-document-link",
      "target": "../../../pkgcore/src/pkg_file_plan.ads",
      "result": "pass"
    },
    {
      "path": "assurance/docs/engineering/api-index.ja.md",
      "kind": "local-document-link",
      "target": "../../../pkgcore/src/pkg_file_replay.adb",
      "result": "pass"
    },
    {
      "path": "assurance/docs/engineering/api-index.ja.md",
      "kind": "local-document-link",
      "target": "../../../pkgcore/src/pkg_file_replay.ads",
      "result": "pass"
    },
    {
      "path": "assurance/docs/engineering/api-index.ja.md",
      "kind": "local-document-link",
      "target": "../../../pkgcore/src/pkg_inventory.adb",
      "result": "pass"
    },
    {
      "path": "assurance/docs/engineering/api-index.ja.md",
      "kind": "local-document-link",
      "target": "../../../pkgcore/src/pkg_inventory.ads",
      "result": "pass"
    },
    {
      "path": "assurance/docs/engineering/api-index.ja.md",
      "kind": "local-document-link",
      "target": "../../../pkgcore/src/pkg_journal.adb",
      "result": "pass"
    },
    {
      "path": "assurance/docs/engineering/api-index.ja.md",
      "kind": "local-document-link",
      "target": "../../../pkgcore/src/pkg_journal.ads",
      "result": "pass"
    },
    {
      "path": "assurance/docs/engineering/api-index.ja.md",
      "kind": "local-document-link",
      "target": "../../../pkgcore/src/pkg_payload_map.adb",
      "result": "pass"
    },
    {
      "path": "assurance/docs/engineering/api-index.ja.md",
      "kind": "local-document-link",
      "target": "../../../pkgcore/src/pkg_payload_map.ads",
      "result": "pass"
    },
    {
      "path": "assurance/docs/engineering/api-index.ja.md",
      "kind": "local-document-link",
      "target": "../../../pkgcore/src/pkg_recovery.adb",
      "result": "pass"
    },
    {
      "path": "assurance/docs/engineering/api-index.ja.md",
      "kind": "local-document-link",
      "target": "../../../pkgcore/src/pkg_recovery.ads",
      "result": "pass"
    },
    {
      "path": "assurance/docs/engineering/api-index.ja.md",
      "kind": "local-document-link",
      "target": "../../../pkgcore/src/pkg_recovery_catalog.adb",
      "result": "pass"
    },
    {
      "path": "assurance/docs/engineering/api-index.ja.md",
      "kind": "local-document-link",
      "target": "../../../pkgcore/src/pkg_recovery_catalog.ads",
      "result": "pass"
    },
    {
      "path": "assurance/docs/engineering/api-index.ja.md",
      "kind": "local-document-link",
      "target": "../../../pkgcore/src/pkg_retention_batch.adb",
      "result": "pass"
    },
    {
      "path": "assurance/docs/engineering/api-index.ja.md",
      "kind": "local-document-link",
      "target": "../../../pkgcore/src/pkg_retention_batch.ads",
      "result": "pass"
    },
    {
      "path": "assurance/docs/engineering/api-index.ja.md",
      "kind": "local-document-link",
      "target": "../../../pkgcore/src/pkg_root_state.adb",
      "result": "pass"
    },
    {
      "path": "assurance/docs/engineering/api-index.ja.md",
      "kind": "local-document-link",
      "target": "../../../pkgcore/src/pkg_root_state.ads",
      "result": "pass"
    },
    {
      "path": "assurance/docs/engineering/api-index.ja.md",
      "kind": "local-document-link",
      "target": "../../../pkgcore/src/pkg_rpm.adb",
      "result": "pass"
    },
    {
      "path": "assurance/docs/engineering/api-index.ja.md",
      "kind": "local-document-link",
      "target": "../../../pkgcore/src/pkg_rpm.ads",
      "result": "pass"
    },
    {
      "path": "assurance/docs/engineering/api-index.ja.md",
      "kind": "local-document-link",
      "target": "../../../pkgcore/src/pkg_rpm_fields.adb",
      "result": "pass"
    },
    {
      "path": "assurance/docs/engineering/api-index.ja.md",
      "kind": "local-document-link",
      "target": "../../../pkgcore/src/pkg_rpm_fields.ads",
      "result": "pass"
    },
    {
      "path": "assurance/docs/engineering/api-index.ja.md",
      "kind": "local-document-link",
      "target": "../../../pkgcore/src/pkg_self_repair.adb",
      "result": "pass"
    },
    {
      "path": "assurance/docs/engineering/api-index.ja.md",
      "kind": "local-document-link",
      "target": "../../../pkgcore/src/pkg_self_repair.ads",
      "result": "pass"
    },
    {
      "path": "assurance/docs/engineering/api-index.ja.md",
      "kind": "local-document-link",
      "target": "../../../pkgcore/src/pkg_system_composition.adb",
      "result": "pass"
    },
    {
      "path": "assurance/docs/engineering/api-index.ja.md",
      "kind": "local-document-link",
      "target": "../../../pkgcore/src/pkg_system_composition.ads",
      "result": "pass"
    },
    {
      "path": "assurance/docs/engineering/api-index.ja.md",
      "kind": "local-document-link",
      "target": "../../../pkgcore/src/pkg_transactions.adb",
      "result": "pass"
    },
    {
      "path": "assurance/docs/engineering/api-index.ja.md",
      "kind": "local-document-link",
      "target": "../../../pkgcore/src/pkg_transactions.ads",
      "result": "pass"
    },
    {
      "path": "assurance/docs/engineering/api-index.ja.md",
      "kind": "local-document-link",
      "target": "../../../pkgcore/src/pkg_versions.adb",
      "result": "pass"
    },
    {
      "path": "assurance/docs/engineering/api-index.ja.md",
      "kind": "local-document-link",
      "target": "../../../pkgcore/src/pkg_versions.ads",
      "result": "pass"
    },
    {
      "path": "assurance/docs/engineering/api-index.ja.md",
      "kind": "local-document-link",
      "target": "../../../statecore/app/hostctl.adb",
      "result": "pass"
    },
    {
      "path": "assurance/docs/engineering/api-index.ja.md",
      "kind": "local-document-link",
      "target": "../../../statecore/app/state_healing_admin.adb",
      "result": "pass"
    },
    {
      "path": "assurance/docs/engineering/api-index.ja.md",
      "kind": "local-document-link",
      "target": "../../../statecore/app/state_recovery_worker.adb",
      "result": "pass"
    },
    {
      "path": "assurance/docs/engineering/api-index.ja.md",
      "kind": "local-document-link",
      "target": "../../../statecore/app/state_worker.adb",
      "result": "pass"
    },
    {
      "path": "assurance/docs/engineering/api-index.ja.md",
      "kind": "local-document-link",
      "target": "../../../statecore/app/statectl.adb",
      "result": "pass"
    },
    {
      "path": "assurance/docs/engineering/api-index.ja.md",
      "kind": "local-document-link",
      "target": "../../../statecore/runtime/state_barrier_store.adb",
      "result": "pass"
    },
    {
      "path": "assurance/docs/engineering/api-index.ja.md",
      "kind": "local-document-link",
      "target": "../../../statecore/runtime/state_barrier_store.ads",
      "result": "pass"
    },
    {
      "path": "assurance/docs/engineering/api-index.ja.md",
      "kind": "local-document-link",
      "target": "../../../statecore/runtime/state_binding.adb",
      "result": "pass"
    },
    {
      "path": "assurance/docs/engineering/api-index.ja.md",
      "kind": "local-document-link",
      "target": "../../../statecore/runtime/state_binding.ads",
      "result": "pass"
    },
    {
      "path": "assurance/docs/engineering/api-index.ja.md",
      "kind": "local-document-link",
      "target": "../../../statecore/runtime/state_coordinator.adb",
      "result": "pass"
    },
    {
      "path": "assurance/docs/engineering/api-index.ja.md",
      "kind": "local-document-link",
      "target": "../../../statecore/runtime/state_coordinator.ads",
      "result": "pass"
    },
    {
      "path": "assurance/docs/engineering/api-index.ja.md",
      "kind": "local-document-link",
      "target": "../../../statecore/runtime/state_disaster_store.adb",
      "result": "pass"
    },
    {
      "path": "assurance/docs/engineering/api-index.ja.md",
      "kind": "local-document-link",
      "target": "../../../statecore/runtime/state_disaster_store.ads",
      "result": "pass"
    },
    {
      "path": "assurance/docs/engineering/api-index.ja.md",
      "kind": "local-document-link",
      "target": "../../../statecore/runtime/state_etcd.adb",
      "result": "pass"
    },
    {
      "path": "assurance/docs/engineering/api-index.ja.md",
      "kind": "local-document-link",
      "target": "../../../statecore/runtime/state_etcd.ads",
      "result": "pass"
    },
    {
      "path": "assurance/docs/engineering/api-index.ja.md",
      "kind": "local-document-link",
      "target": "../../../statecore/runtime/state_executor.adb",
      "result": "pass"
    },
    {
      "path": "assurance/docs/engineering/api-index.ja.md",
      "kind": "local-document-link",
      "target": "../../../statecore/runtime/state_executor.ads",
      "result": "pass"
    },
    {
      "path": "assurance/docs/engineering/api-index.ja.md",
      "kind": "local-document-link",
      "target": "../../../statecore/runtime/state_healing_engine.adb",
      "result": "pass"
    },
    {
      "path": "assurance/docs/engineering/api-index.ja.md",
      "kind": "local-document-link",
      "target": "../../../statecore/runtime/state_healing_engine.ads",
      "result": "pass"
    },
    {
      "path": "assurance/docs/engineering/api-index.ja.md",
      "kind": "local-document-link",
      "target": "../../../statecore/runtime/state_healing_journal.adb",
      "result": "pass"
    },
    {
      "path": "assurance/docs/engineering/api-index.ja.md",
      "kind": "local-document-link",
      "target": "../../../statecore/runtime/state_healing_journal.ads",
      "result": "pass"
    },
    {
      "path": "assurance/docs/engineering/api-index.ja.md",
      "kind": "local-document-link",
      "target": "../../../statecore/runtime/state_host_probe.adb",
      "result": "pass"
    },
    {
      "path": "assurance/docs/engineering/api-index.ja.md",
      "kind": "local-document-link",
      "target": "../../../statecore/runtime/state_host_probe.ads",
      "result": "pass"
    },
    {
      "path": "assurance/docs/engineering/api-index.ja.md",
      "kind": "local-document-link",
      "target": "../../../statecore/runtime/state_network_controller.adb",
      "result": "pass"
    },
    {
      "path": "assurance/docs/engineering/api-index.ja.md",
      "kind": "local-document-link",
      "target": "../../../statecore/runtime/state_network_controller.ads",
      "result": "pass"
    },
    {
      "path": "assurance/docs/engineering/api-index.ja.md",
      "kind": "local-document-link",
      "target": "../../../statecore/runtime/state_nm_checkpoint.adb",
      "result": "pass"
    },
    {
      "path": "assurance/docs/engineering/api-index.ja.md",
      "kind": "local-document-link",
      "target": "../../../statecore/runtime/state_nm_checkpoint.ads",
      "result": "pass"
    },
    {
      "path": "assurance/docs/engineering/api-index.ja.md",
      "kind": "local-document-link",
      "target": "../../../statecore/runtime/state_pacemaker.adb",
      "result": "pass"
    },
    {
      "path": "assurance/docs/engineering/api-index.ja.md",
      "kind": "local-document-link",
      "target": "../../../statecore/runtime/state_pacemaker.ads",
      "result": "pass"
    },
    {
      "path": "assurance/docs/engineering/api-index.ja.md",
      "kind": "local-document-link",
      "target": "../../../statecore/runtime/state_readmission_store.adb",
      "result": "pass"
    },
    {
      "path": "assurance/docs/engineering/api-index.ja.md",
      "kind": "local-document-link",
      "target": "../../../statecore/runtime/state_readmission_store.ads",
      "result": "pass"
    },
    {
      "path": "assurance/docs/engineering/api-index.ja.md",
      "kind": "local-document-link",
      "target": "../../../statecore/runtime/state_rollout_store.adb",
      "result": "pass"
    },
    {
      "path": "assurance/docs/engineering/api-index.ja.md",
      "kind": "local-document-link",
      "target": "../../../statecore/runtime/state_rollout_store.ads",
      "result": "pass"
    },
    {
      "path": "assurance/docs/engineering/api-index.ja.md",
      "kind": "local-document-link",
      "target": "../../../statecore/runtime/state_strict_coordinator.adb",
      "result": "pass"
    },
    {
      "path": "assurance/docs/engineering/api-index.ja.md",
      "kind": "local-document-link",
      "target": "../../../statecore/runtime/state_strict_coordinator.ads",
      "result": "pass"
    },
    {
      "path": "assurance/docs/engineering/api-index.ja.md",
      "kind": "local-document-link",
      "target": "../../../statecore/runtime/state_systemd.adb",
      "result": "pass"
    },
    {
      "path": "assurance/docs/engineering/api-index.ja.md",
      "kind": "local-document-link",
      "target": "../../../statecore/runtime/state_systemd.ads",
      "result": "pass"
    },
    {
      "path": "assurance/docs/engineering/api-index.ja.md",
      "kind": "local-document-link",
      "target": "../../../statecore/runtime/state_systemd_control.adb",
      "result": "pass"
    },
    {
      "path": "assurance/docs/engineering/api-index.ja.md",
      "kind": "local-document-link",
      "target": "../../../statecore/runtime/state_systemd_control.ads",
      "result": "pass"
    },
    {
      "path": "assurance/docs/engineering/api-index.ja.md",
      "kind": "local-document-link",
      "target": "../../../statecore/src/state_boot.adb",
      "result": "pass"
    },
    {
      "path": "assurance/docs/engineering/api-index.ja.md",
      "kind": "local-document-link",
      "target": "../../../statecore/src/state_boot.ads",
      "result": "pass"
    },
    {
      "path": "assurance/docs/engineering/api-index.ja.md",
      "kind": "local-document-link",
      "target": "../../../statecore/src/state_boot_assessment.adb",
      "result": "pass"
    },
    {
      "path": "assurance/docs/engineering/api-index.ja.md",
      "kind": "local-document-link",
      "target": "../../../statecore/src/state_boot_assessment.ads",
      "result": "pass"
    },
    {
      "path": "assurance/docs/engineering/api-index.ja.md",
      "kind": "local-document-link",
      "target": "../../../statecore/src/state_budget.adb",
      "result": "pass"
    },
    {
      "path": "assurance/docs/engineering/api-index.ja.md",
      "kind": "local-document-link",
      "target": "../../../statecore/src/state_budget.ads",
      "result": "pass"
    },
    {
      "path": "assurance/docs/engineering/api-index.ja.md",
      "kind": "local-document-link",
      "target": "../../../statecore/src/state_changes.adb",
      "result": "pass"
    },
    {
      "path": "assurance/docs/engineering/api-index.ja.md",
      "kind": "local-document-link",
      "target": "../../../statecore/src/state_changes.ads",
      "result": "pass"
    },
    {
      "path": "assurance/docs/engineering/api-index.ja.md",
      "kind": "local-document-link",
      "target": "../../../statecore/src/state_cluster_safety.adb",
      "result": "pass"
    },
    {
      "path": "assurance/docs/engineering/api-index.ja.md",
      "kind": "local-document-link",
      "target": "../../../statecore/src/state_cluster_safety.ads",
      "result": "pass"
    },
    {
      "path": "assurance/docs/engineering/api-index.ja.md",
      "kind": "local-document-link",
      "target": "../../../statecore/src/state_config.adb",
      "result": "pass"
    },
    {
      "path": "assurance/docs/engineering/api-index.ja.md",
      "kind": "local-document-link",
      "target": "../../../statecore/src/state_config.ads",
      "result": "pass"
    },
    {
      "path": "assurance/docs/engineering/api-index.ja.md",
      "kind": "local-document-link",
      "target": "../../../statecore/src/state_config_merge.adb",
      "result": "pass"
    },
    {
      "path": "assurance/docs/engineering/api-index.ja.md",
      "kind": "local-document-link",
      "target": "../../../statecore/src/state_config_merge.ads",
      "result": "pass"
    },
    {
      "path": "assurance/docs/engineering/api-index.ja.md",
      "kind": "local-document-link",
      "target": "../../../statecore/src/state_dependency_graph.adb",
      "result": "pass"
    },
    {
      "path": "assurance/docs/engineering/api-index.ja.md",
      "kind": "local-document-link",
      "target": "../../../statecore/src/state_dependency_graph.ads",
      "result": "pass"
    },
    {
      "path": "assurance/docs/engineering/api-index.ja.md",
      "kind": "local-document-link",
      "target": "../../../statecore/src/state_disaster.adb",
      "result": "pass"
    },
    {
      "path": "assurance/docs/engineering/api-index.ja.md",
      "kind": "local-document-link",
      "target": "../../../statecore/src/state_disaster.ads",
      "result": "pass"
    },
    {
      "path": "assurance/docs/engineering/api-index.ja.md",
      "kind": "local-document-link",
      "target": "../../../statecore/src/state_etcd_limits.ads",
      "result": "pass"
    },
    {
      "path": "assurance/docs/engineering/api-index.ja.md",
      "kind": "local-document-link",
      "target": "../../../statecore/src/state_etcd_wire.adb",
      "result": "pass"
    },
    {
      "path": "assurance/docs/engineering/api-index.ja.md",
      "kind": "local-document-link",
      "target": "../../../statecore/src/state_etcd_wire.ads",
      "result": "pass"
    },
    {
      "path": "assurance/docs/engineering/api-index.ja.md",
      "kind": "local-document-link",
      "target": "../../../statecore/src/state_failover.adb",
      "result": "pass"
    },
    {
      "path": "assurance/docs/engineering/api-index.ja.md",
      "kind": "local-document-link",
      "target": "../../../statecore/src/state_failover.ads",
      "result": "pass"
    },
    {
      "path": "assurance/docs/engineering/api-index.ja.md",
      "kind": "local-document-link",
      "target": "../../../statecore/src/state_healing.adb",
      "result": "pass"
    },
    {
      "path": "assurance/docs/engineering/api-index.ja.md",
      "kind": "local-document-link",
      "target": "../../../statecore/src/state_healing.ads",
      "result": "pass"
    },
    {
      "path": "assurance/docs/engineering/api-index.ja.md",
      "kind": "local-document-link",
      "target": "../../../statecore/src/state_healing_codec.adb",
      "result": "pass"
    },
    {
      "path": "assurance/docs/engineering/api-index.ja.md",
      "kind": "local-document-link",
      "target": "../../../statecore/src/state_healing_codec.ads",
      "result": "pass"
    },
    {
      "path": "assurance/docs/engineering/api-index.ja.md",
      "kind": "local-document-link",
      "target": "../../../statecore/src/state_healing_repair_claim.adb",
      "result": "pass"
    },
    {
      "path": "assurance/docs/engineering/api-index.ja.md",
      "kind": "local-document-link",
      "target": "../../../statecore/src/state_healing_repair_claim.ads",
      "result": "pass"
    },
    {
      "path": "assurance/docs/engineering/api-index.ja.md",
      "kind": "local-document-link",
      "target": "../../../statecore/src/state_healing_request.adb",
      "result": "pass"
    },
    {
      "path": "assurance/docs/engineering/api-index.ja.md",
      "kind": "local-document-link",
      "target": "../../../statecore/src/state_healing_request.ads",
      "result": "pass"
    },
    {
      "path": "assurance/docs/engineering/api-index.ja.md",
      "kind": "local-document-link",
      "target": "../../../statecore/src/state_host_admission.adb",
      "result": "pass"
    },
    {
      "path": "assurance/docs/engineering/api-index.ja.md",
      "kind": "local-document-link",
      "target": "../../../statecore/src/state_host_admission.ads",
      "result": "pass"
    },
    {
      "path": "assurance/docs/engineering/api-index.ja.md",
      "kind": "local-document-link",
      "target": "../../../statecore/src/state_network_change.adb",
      "result": "pass"
    },
    {
      "path": "assurance/docs/engineering/api-index.ja.md",
      "kind": "local-document-link",
      "target": "../../../statecore/src/state_network_change.ads",
      "result": "pass"
    },
    {
      "path": "assurance/docs/engineering/api-index.ja.md",
      "kind": "local-document-link",
      "target": "../../../statecore/src/state_operation.adb",
      "result": "pass"
    },
    {
      "path": "assurance/docs/engineering/api-index.ja.md",
      "kind": "local-document-link",
      "target": "../../../statecore/src/state_operation.ads",
      "result": "pass"
    },
    {
      "path": "assurance/docs/engineering/api-index.ja.md",
      "kind": "local-document-link",
      "target": "../../../statecore/src/state_readmission.adb",
      "result": "pass"
    },
    {
      "path": "assurance/docs/engineering/api-index.ja.md",
      "kind": "local-document-link",
      "target": "../../../statecore/src/state_readmission.ads",
      "result": "pass"
    },
    {
      "path": "assurance/docs/engineering/api-index.ja.md",
      "kind": "local-document-link",
      "target": "../../../statecore/src/state_reservation_safety.adb",
      "result": "pass"
    },
    {
      "path": "assurance/docs/engineering/api-index.ja.md",
      "kind": "local-document-link",
      "target": "../../../statecore/src/state_reservation_safety.ads",
      "result": "pass"
    },
    {
      "path": "assurance/docs/engineering/api-index.ja.md",
      "kind": "local-document-link",
      "target": "../../../statecore/src/state_rollout.adb",
      "result": "pass"
    },
    {
      "path": "assurance/docs/engineering/api-index.ja.md",
      "kind": "local-document-link",
      "target": "../../../statecore/src/state_rollout.ads",
      "result": "pass"
    },
    {
      "path": "assurance/docs/engineering/api-index.ja.md",
      "kind": "local-document-link",
      "target": "../../../statecore/src/state_rollout_codec.adb",
      "result": "pass"
    },
    {
      "path": "assurance/docs/engineering/api-index.ja.md",
      "kind": "local-document-link",
      "target": "../../../statecore/src/state_rollout_codec.ads",
      "result": "pass"
    },
    {
      "path": "assurance/docs/engineering/api-index.ja.md",
      "kind": "local-document-link",
      "target": "../../../statecore/src/state_service.adb",
      "result": "pass"
    },
    {
      "path": "assurance/docs/engineering/api-index.ja.md",
      "kind": "local-document-link",
      "target": "../../../statecore/src/state_service.ads",
      "result": "pass"
    },
    {
      "path": "assurance/docs/engineering/api-index.ja.md",
      "kind": "local-document-link",
      "target": "../../../statecore/src/state_service_catalogue.adb",
      "result": "pass"
    },
    {
      "path": "assurance/docs/engineering/api-index.ja.md",
      "kind": "local-document-link",
      "target": "../../../statecore/src/state_service_catalogue.ads",
      "result": "pass"
    },
    {
      "path": "assurance/docs/engineering/api-index.ja.md",
      "kind": "local-document-link",
      "target": "../../../statecore/src/state_topology.adb",
      "result": "pass"
    },
    {
      "path": "assurance/docs/engineering/api-index.ja.md",
      "kind": "local-document-link",
      "target": "../../../statecore/src/state_topology.ads",
      "result": "pass"
    },
    {
      "path": "assurance/docs/engineering/api-index.ja.md",
      "kind": "local-document-link",
      "target": "../../../statecore/src/state_unit.adb",
      "result": "pass"
    },
    {
      "path": "assurance/docs/engineering/api-index.ja.md",
      "kind": "local-document-link",
      "target": "../../../statecore/src/state_unit.ads",
      "result": "pass"
    },
    {
      "path": "assurance/docs/engineering/runbooks/README.ja.md",
      "kind": "local-document-link",
      "target": "RB-001.ja.md",
      "result": "pass"
    },
    {
      "path": "assurance/docs/engineering/runbooks/README.ja.md",
      "kind": "local-document-link",
      "target": "RB-002.ja.md",
      "result": "pass"
    },
    {
      "path": "assurance/docs/engineering/runbooks/README.ja.md",
      "kind": "local-document-link",
      "target": "RB-003.ja.md",
      "result": "pass"
    },
    {
      "path": "assurance/docs/engineering/runbooks/README.ja.md",
      "kind": "local-document-link",
      "target": "RB-004.ja.md",
      "result": "pass"
    },
    {
      "path": "assurance/docs/engineering/runbooks/README.ja.md",
      "kind": "local-document-link",
      "target": "RB-005.ja.md",
      "result": "pass"
    },
    {
      "path": "assurance/docs/engineering/runbooks/README.ja.md",
      "kind": "local-document-link",
      "target": "RB-006.ja.md",
      "result": "pass"
    },
    {
      "path": "assurance/docs/engineering/runbooks/README.ja.md",
      "kind": "local-document-link",
      "target": "RB-007.ja.md",
      "result": "pass"
    },
    {
      "path": "assurance/docs/engineering/runbooks/README.ja.md",
      "kind": "local-document-link",
      "target": "RB-008.ja.md",
      "result": "pass"
    },
    {
      "path": "assurance/docs/engineering/runbooks/README.ja.md",
      "kind": "local-document-link",
      "target": "RB-009.ja.md",
      "result": "pass"
    },
    {
      "path": "assurance/docs/engineering/runbooks/README.ja.md",
      "kind": "local-document-link",
      "target": "RB-010.ja.md",
      "result": "pass"
    },
    {
      "path": "assurance/docs/engineering/runbooks/README.ja.md",
      "kind": "local-document-link",
      "target": "RB-011.ja.md",
      "result": "pass"
    },
    {
      "path": "assurance/docs/engineering/runbooks/README.ja.md",
      "kind": "local-document-link",
      "target": "RB-012.ja.md",
      "result": "pass"
    },
    {
      "path": "assurance/docs/engineering/specs/acid-contract.ja.md",
      "kind": "local-document-link",
      "target": "../sources.ja.md",
      "result": "pass"
    },
    {
      "path": "assurance/docs/engineering/specs/proof-plan.ja.md",
      "kind": "local-document-link",
      "target": "../sources.ja.md",
      "result": "pass"
    }
  ],
  "result": "pass",
  "ada_execution": false,
  "formal_proof": false,
  "production_approval": false
}
